\BOOKMARK [1][-]{section.1}{\376\377\225\356\230\230\221\315\217\360}{}% 1
\BOOKMARK [2][-]{subsection.1.1}{\376\377\170\024\172\166\200\314\146\157\116\016\116\373\122\241}{section.1}% 2
\BOOKMARK [2][-]{subsection.1.2}{\376\377\137\205\211\343\121\263\166\204\225\356\230\230}{section.1}% 3
\BOOKMARK [1][-]{section.2}{\376\377\225\356\230\230\122\006\147\220}{}% 4
\BOOKMARK [1][-]{section.3}{\376\377\152\041\127\213\120\107\213\276}{}% 5
\BOOKMARK [1][-]{section.4}{\376\377\173\046\123\367\213\364\146\016}{}% 6
\BOOKMARK [1][-]{section.5}{\376\377\145\160\143\156\131\004\164\006}{}% 7
\BOOKMARK [2][-]{subsection.5.1}{\376\377\145\160\143\156\147\145\156\220\116\016\215\050\221\317\150\300\147\345}{section.5}% 8
\BOOKMARK [2][-]{subsection.5.2}{\376\377\230\204\131\004\164\006\116\016\162\171\137\201\147\204\220\040}{section.5}% 9
\BOOKMARK [1][-]{section.6}{\376\377\225\356\230\230\116\000\166\204\152\041\127\213\136\372\172\313\116\016\154\102\211\343}{}% 10
\BOOKMARK [2][-]{subsection.6.1}{\376\377\123\330\221\317\133\232\116\111\116\016\152\041\127\213\136\372\172\313}{section.6}% 11
\BOOKMARK [2][-]{subsection.6.2}{\376\377\154\102\211\343\173\227\154\325\116\016\133\236\163\260}{section.6}% 12
\BOOKMARK [2][-]{subsection.6.3}{\376\377\176\323\147\234\134\125\171\072\116\016\211\343\221\312}{section.6}% 13
\BOOKMARK [1][-]{section.7}{\376\377\225\356\230\230\116\214\377\032\137\002\147\204\145\340\116\272\147\072\131\032\160\271\131\032\147\266\153\041\217\320\217\223\214\003\136\246}{}% 14
\BOOKMARK [2][-]{subsection.7.1}{\376\377\225\356\230\230\122\006\147\220\116\016\140\073\117\123\140\035\215\357}{section.7}% 15
\BOOKMARK [2][-]{subsection.7.2}{\376\377\131\032\160\271\217\320\217\223\147\266\153\041\213\304\116\367\152\041\127\213}{section.7}% 16
\BOOKMARK [3][-]{subsubsection.7.2.1}{\376\377\215\357\176\277\133\371\214\141\116\016\215\047\173\261\176\304\142\171}{subsection.7.2}% 17
\BOOKMARK [3][-]{subsubsection.7.2.2}{\376\377\000D\000E\000M\000\040\202\052\153\265\230\204\213\241\173\227}{subsection.7.2}% 18
\BOOKMARK [3][-]{subsubsection.7.2.3}{\376\377\230\336\210\114\145\366\225\364\116\016\217\175\203\167\166\370\121\163\200\375\200\027}{subsection.7.2}% 19
\BOOKMARK [3][-]{subsubsection.7.2.4}{\376\377\210\305\123\170\145\366\225\364\116\016\220\020\173\261\220\001\217\276\145\366\122\073}{subsection.7.2}% 20
\BOOKMARK [3][-]{subsubsection.7.2.5}{\376\377\221\115\220\001\170\154\145\366\226\120\116\016\147\000\146\132\137\000\131\313\145\366\122\073}{subsection.7.2}% 21
\BOOKMARK [2][-]{subsection.7.3}{\376\377\145\340\116\272\147\072\116\016\121\161\116\253\165\065\154\140\215\104\156\220\214\003\136\246\152\041\127\213}{section.7}% 22
\BOOKMARK [3][-]{subsubsection.7.3.1}{\376\377\215\104\156\220\214\003\136\246\211\343\170\001\126\150}{subsection.7.3}% 23
\BOOKMARK [3][-]{subsubsection.7.3.2}{\376\377\121\161\116\253\165\065\154\140\121\105\165\065\124\150\217\154}{subsection.7.3}% 24
\BOOKMARK [2][-]{subsection.7.4}{\376\377\131\032\166\356\150\007\117\030\123\026\152\041\127\213}{section.7}% 25
\BOOKMARK [2][-]{subsection.7.5}{\376\377\127\372\116\216\000\040\000R\000e\000g\000r\000e\000t\000\040\143\322\121\145\116\016\000\040\000A\000L\000N\000S\000\040\166\204\154\102\211\343\173\227\154\325}{section.7}% 26
\BOOKMARK [3][-]{subsubsection.7.5.1}{\376\377\122\035\131\313\123\357\210\114\211\343\147\204\220\040}{subsection.7.5}% 27
\BOOKMARK [3][-]{subsubsection.7.5.2}{\376\377\000R\000e\000g\000r\000e\000t\000-\0002\000\040\143\322\121\145}{subsection.7.5}% 28
\BOOKMARK [3][-]{subsubsection.7.5.3}{\376\377\201\352\220\002\136\224\131\047\220\273\127\337\144\034\175\042}{subsection.7.5}% 29
\BOOKMARK [2][-]{subsection.7.6}{\376\377\154\102\211\343\176\323\147\234\116\016\122\006\147\220}{section.7}% 30
\BOOKMARK [3][-]{subsubsection.7.6.1}{\376\377\140\073\117\123\117\030\123\026\176\323\147\234}{subsection.7.6}% 31
\BOOKMARK [3][-]{subsubsection.7.6.2}{\376\377\145\340\116\272\147\072\214\003\136\246\176\323\147\234}{subsection.7.6}% 32
\BOOKMARK [3][-]{subsubsection.7.6.3}{\376\377\220\020\173\261\221\115\220\001\123\312\145\366\140\047\122\006\147\220}{subsection.7.6}% 33
\BOOKMARK [3][-]{subsubsection.7.6.4}{\376\377\121\161\116\253\165\065\154\140\124\150\217\154\122\006\147\220}{subsection.7.6}% 34
\BOOKMARK [3][-]{subsubsection.7.6.5}{\376\377\000A\000L\000N\000S\000\040\145\066\145\133\140\047\122\006\147\220}{subsection.7.6}% 35
\BOOKMARK [2][-]{subsection.7.7}{\376\377\145\271\150\110\123\357\210\114\140\047\150\300\232\214}{section.7}% 36
\BOOKMARK [2][-]{subsection.7.8}{\376\377\176\323\147\234\145\207\116\366\116\016\172\013\136\217\217\223\121\372}{section.7}% 37
\BOOKMARK [1][-]{section.8}{\376\377\225\356\230\230\116\011\377\032\220\032\117\341\176\246\147\137\116\013\166\204\217\320\217\223\116\016\116\055\176\347\200\124\124\010\214\003\136\246}{}% 38
\BOOKMARK [2][-]{subsection.8.1}{\376\377\225\356\230\230\122\006\147\220\116\016\140\073\117\123\140\035\215\357}{section.8}% 39
\BOOKMARK [2][-]{subsection.8.2}{\376\377\217\320\217\223\217\150\217\371\166\204\145\366\172\172\134\125\137\000}{section.8}% 40
\BOOKMARK [2][-]{subsection.8.3}{\376\377\220\032\117\341\224\376\215\357\152\041\127\213}{section.8}% 41
\BOOKMARK [3][-]{subsubsection.8.3.1}{\376\377\127\060\137\142\211\306\215\335\122\044\133\232}{subsection.8.3}% 42
\BOOKMARK [3][-]{subsubsection.8.3.2}{\376\377\201\352\165\061\172\172\225\364\143\137\200\027\116\016\123\314\124\021\224\376\215\357\230\204\173\227}{subsection.8.3}% 43
\BOOKMARK [3][-]{subsubsection.8.3.3}{\376\377\217\320\217\223\145\340\116\272\147\072\220\032\117\341\162\266\140\001}{subsection.8.3}% 44
\BOOKMARK [2][-]{subsection.8.4}{\376\377\116\055\176\347\140\254\120\134\117\115\177\156\116\016\116\055\176\347\147\266\153\041\152\041\127\213}{section.8}% 45
\BOOKMARK [3][-]{subsubsection.8.4.1}{\376\377\116\055\176\347\120\031\220\011\117\115\177\156\165\037\142\020}{subsection.8.4}% 46
\BOOKMARK [3][-]{subsubsection.8.4.2}{\376\377\116\055\176\347\230\336\210\114\116\016\147\015\122\241\145\366\225\364}{subsection.8.4}% 47
\BOOKMARK [3][-]{subsubsection.8.4.3}{\376\377\116\055\176\347\200\375\200\027\116\016\217\324\202\052\133\211\121\150\176\246\147\137}{subsection.8.4}% 48
\BOOKMARK [2][-]{subsection.8.5}{\376\377\220\032\117\341\121\262\172\201\123\315\231\210\116\016\200\124\124\010\214\003\136\246\211\343\170\001}{section.8}% 49
\BOOKMARK [2][-]{subsection.8.6}{\376\377\131\032\166\356\150\007\200\124\124\010\117\030\123\026\152\041\127\213}{section.8}% 50
\BOOKMARK [2][-]{subsection.8.7}{\376\377\220\032\117\341\141\037\167\345\000\040\000J\000o\000i\000n\000t\000-\000A\000L\000N\000S\000\040\154\102\211\343\173\227\154\325}{section.8}% 51
\BOOKMARK [3][-]{subsubsection.8.7.1}{\376\377\000C\000o\000m\000m\000u\000n\000i\000c\000a\000t\000i\000o\000n\000-\000c\000o\000n\000f\000l\000i\000c\000t\000\040\000d\000e\000s\000t\000r\000o\000y}{subsection.8.7}% 52
\BOOKMARK [3][-]{subsubsection.8.7.2}{\376\377\000R\000e\000l\000a\000y\000-\000a\000w\000a\000r\000e\000\040\000r\000e\000p\000a\000i\000r}{subsection.8.7}% 53
\BOOKMARK [3][-]{subsubsection.8.7.3}{\376\377\145\366\225\364\123\117\124\014\220\273\127\337\116\016\143\245\123\327\121\306\122\031}{subsection.8.7}% 54
\BOOKMARK [2][-]{subsection.8.8}{\376\377\154\102\211\343\176\323\147\234\116\016\122\006\147\220}{section.8}% 55
\BOOKMARK [3][-]{subsubsection.8.8.1}{\376\377\140\073\117\123\117\030\123\026\176\323\147\234}{subsection.8.8}% 56
\BOOKMARK [3][-]{subsubsection.8.8.2}{\376\377\217\320\217\223\215\357\176\277\116\016\116\055\176\347\140\254\120\134\117\115\177\156}{subsection.8.8}% 57
\BOOKMARK [3][-]{subsubsection.8.8.3}{\376\377\217\320\217\223\040\023\116\055\176\347\200\124\124\010\214\003\136\246\145\366\136\217}{subsection.8.8}% 58
\BOOKMARK [3][-]{subsubsection.8.8.4}{\376\377\217\336\176\355\220\032\117\341\117\335\226\234\162\266\140\001}{subsection.8.8}% 59
\BOOKMARK [3][-]{subsubsection.8.8.5}{\376\377\116\055\176\347\200\375\200\027\116\016\200\375\156\220\176\304\116\366\124\150\217\154}{subsection.8.8}% 60
\BOOKMARK [3][-]{subsubsection.8.8.6}{\376\377\000J\000o\000i\000n\000t\000-\000A\000L\000N\000S\000\040\145\066\145\133\140\047\122\006\147\220}{subsection.8.8}% 61
\BOOKMARK [2][-]{subsection.8.9}{\376\377\145\271\150\110\123\357\210\114\140\047\150\300\232\214}{section.8}% 62
\BOOKMARK [2][-]{subsection.8.10}{\376\377\176\323\147\234\145\207\116\366\116\016\172\013\136\217\217\223\121\372}{section.8}% 63
\BOOKMARK [1][-]{section.9}{\376\377\225\356\230\230\126\333\377\032\145\121\143\364\116\373\122\241\122\006\123\072\116\016\162\354\172\313\215\104\156\220\221\115\177\156}{}% 64
\BOOKMARK [2][-]{subsection.9.1}{\376\377\225\356\230\230\122\006\147\220\116\016\140\073\117\123\140\035\215\357}{section.9}% 65
\BOOKMARK [2][-]{subsection.9.2}{\376\377\116\373\122\241\116\015\123\357\142\306\122\006\123\125\121\103\116\016\116\055\176\347\121\163\200\124\215\205\126\376}{section.9}% 66
\BOOKMARK [3][-]{subsubsection.9.2.1}{\376\377\217\320\217\223\116\015\123\357\142\306\122\006\123\125\121\103}{subsection.9.2}% 67
\BOOKMARK [3][-]{subsubsection.9.2.2}{\376\377\116\055\176\347\121\163\200\124\215\205\126\376}{subsection.9.2}% 68
\BOOKMARK [2][-]{subsection.9.3}{\376\377\143\011\176\304\131\015\122\066\116\055\176\347\116\373\122\241\166\204\162\354\172\313\221\115\177\156\152\041\127\213}{section.9}% 69
\BOOKMARK [3][-]{subsubsection.9.3.1}{\376\377\122\006\123\072\123\330\221\317\116\016\116\055\176\347\131\015\122\066\116\343\116\367}{subsection.9.3}% 70
\BOOKMARK [3][-]{subsubsection.9.3.2}{\376\377\220\032\117\341\224\376\215\357\230\204\173\227\166\204\176\347\142\177\140\047}{subsection.9.3}% 71
\BOOKMARK [3][-]{subsubsection.9.3.3}{\376\377\126\372\133\232\145\366\122\073\210\150\116\013\166\204\147\000\134\021\215\104\156\220\221\115\177\156}{subsection.9.3}% 72
\BOOKMARK [2][-]{subsection.9.4}{\376\377\213\304\116\367\143\007\150\007\116\016\133\214\145\164\147\232\116\076\154\102\211\343}{section.9}% 73
\BOOKMARK [3][-]{subsubsection.9.4.1}{\376\377\215\104\156\220\211\304\152\041\060\001\121\227\117\131\116\016\177\072\123\343}{subsection.9.4}% 74
\BOOKMARK [3][-]{subsubsection.9.4.2}{\376\377\176\304\225\364\135\345\117\134\221\317\127\107\210\141}{subsection.9.4}% 75
\BOOKMARK [3][-]{subsubsection.9.4.3}{\376\377\133\214\145\164\147\232\116\076\116\016\145\340\147\103\221\315\122\006\134\102\173\133\220\011}{subsection.9.4}% 76
\BOOKMARK [2][-]{subsection.9.5}{\376\377\154\102\211\343\176\323\147\234\116\016\122\006\147\220}{section.9}% 77
\BOOKMARK [3][-]{subsubsection.9.5.1}{\376\377\116\045\150\074\176\347\142\177\140\305\146\157\166\204\123\357\122\006\140\047\176\323\213\272}{subsection.9.5}% 78
\BOOKMARK [3][-]{subsubsection.9.5.2}{\376\377\116\044\176\304\116\073\145\271\150\110}{subsection.9.5}% 79
\BOOKMARK [3][-]{subsubsection.9.5.3}{\376\377\116\011\176\304\116\073\145\271\150\110}{subsection.9.5}% 80
\BOOKMARK [3][-]{subsubsection.9.5.4}{\376\377\116\044\171\315\122\006\123\072\145\271\137\017\166\204\215\104\156\220\116\016\127\107\210\141\153\324\217\203}{subsection.9.5}% 81
\BOOKMARK [2][-]{subsection.9.6}{\376\377\145\271\150\110\123\357\210\114\140\047\116\016\176\323\147\234\133\241\213\241}{section.9}% 82
\BOOKMARK [2][-]{subsection.9.7}{\376\377\172\013\136\217\217\223\121\372\116\016\126\376\210\150\117\123\174\373}{section.9}% 83
\BOOKMARK [1][-]{section.10}{\376\377\152\041\127\213\213\304\116\367\116\016\145\071\217\333}{}% 84
\BOOKMARK [2][-]{subsection.10.1}{\376\377\117\030\160\271\116\016\134\100\226\120}{section.10}% 85
\BOOKMARK [2][-]{subsection.10.2}{\376\377\145\071\217\333\145\271\124\021}{section.10}% 86
\BOOKMARK [1][-]{section.11}{\376\377\176\323\213\272}{}% 87
